!**** e4 languages
plugin@org.eclipse.e4.languages.javascript=v20091009-1415,:pserver:anonymous@dev.eclipse.org:/cvsroot/eclipse,,e4/org.eclipse.e4.languages/bundles/org.eclipse.e4.languages.javascript
plugin@org.eclipse.e4.languages.javascript.registry=v20091009-1415,:pserver:anonymous@dev.eclipse.org:/cvsroot/eclipse,,e4/org.eclipse.e4.languages/bundles/org.eclipse.e4.languages.javascript.registry


!**** e4 languages debug
plugin@org.eclipse.e4.languages.javascript.debug.connect=v20090921,:pserver:anonymous@dev.eclipse.org:/cvsroot/eclipse,,e4/org.eclipse.e4.languages/bundles/org.eclipse.e4.languages.javascript.debug.connect
plugin@org.eclipse.e4.languages.javascript.debug.jsdi=v20091001-1600,:pserver:anonymous@dev.eclipse.org:/cvsroot/eclipse,,e4/org.eclipse.e4.languages/bundles/org.eclipse.e4.languages.javascript.debug.jsdi
plugin@org.eclipse.e4.languages.javascript.debug.jsdi.rhino=v20091001-1600,:pserver:anonymous@dev.eclipse.org:/cvsroot/eclipse,,e4/org.eclipse.e4.languages/bundles/org.eclipse.e4.languages.javascript.debug.jsdi.rhino
plugin@org.eclipse.e4.languages.javascript.debug.model=v20091001-1600,:pserver:anonymous@dev.eclipse.org:/cvsroot/eclipse,,e4/org.eclipse.e4.languages/bundles/org.eclipse.e4.languages.javascript.debug.model
plugin@org.eclipse.e4.languages.javascript.debug.rhino=v20090921,:pserver:anonymous@dev.eclipse.org:/cvsroot/eclipse,,e4/org.eclipse.e4.languages/bundles/org.eclipse.e4.languages.javascript.debug.rhino
plugin@org.eclipse.e4.languages.javascript.debug.ui=v20091009-1130,:pserver:anonymous@dev.eclipse.org:/cvsroot/eclipse,,e4/org.eclipse.e4.languages/bundles/org.eclipse.e4.languages.javascript.debug.ui

!*** e4 languages examples

!*** e4 languages tests
plugin@org.eclipse.e4.languages.javascript.test=v20090921,:pserver:anonymous@dev.eclipse.org:/cvsroot/eclipse,,e4/org.eclipse.e4.languages/tests/org.eclipse.e4.languages.javascript.test
plugin@org.eclipse.e4.languages.javascript.registry.test=v20090921,:pserver:anonymous@dev.eclipse.org:/cvsroot/eclipse,,e4/org.eclipse.e4.languages/tests/org.eclipse.e4.languages.javascript.registry.test
plugin@org.eclipse.e4.languages.javascript.debug.test=v20090921,:pserver:anonymous@dev.eclipse.org:/cvsroot/eclipse,,e4/org.eclipse.e4.languages/tests/org.eclipse.e4.languages.javascript.debug.test


!**** and build it
feature@org.eclipse.e4.languages.feature=v20091009-1415,:pserver:anonymous@dev.eclipse.org:/cvsroot/eclipse,,e4/org.eclipse.e4.languages/features/org.eclipse.e4.languages.feature
feature@org.eclipse.e4.languages.tests.feature=v20091009-1415,:pserver:anonymous@dev.eclipse.org:/cvsroot/eclipse,,e4/org.eclipse.e4.languages/features/org.eclipse.e4.languages.tests.feature

!**** Test Suites
#plugin@org.eclipse.core.tests.harness=v20081006,:pserver:anonymous@dev.eclipse.org:/cvsroot/eclipse,
#plugin@org.eclipse.test.performance=v20081108,:pserver:anonymous@dev.eclipse.org:/cvsroot/eclipse,

#plugin@org.eclipse.core.tests.resources=v20081110,:pserver:anonymous@dev.eclipse.org:/cvsroot/eclipse,,e4/org.eclipse.e4.resources/tests/org.eclipse.core.tests.resources
#plugin@org.eclipse.osgi.tests=v20081103-1800,:pserver:anonymous@dev.eclipse.org:/cvsroot/rt,,org.eclipse.equinox/framework/bundles/org.eclipse.osgi.tests