!**** e4 languages
plugin@org.eclipse.e4.javascript=v20090409-1930,:pserver:anonymous@dev.eclipse.org:/cvsroot/eclipse,,e4/org.eclipse.e4.languages/bundles/org.eclipse.e4.javascript

!*** e4 languages examples

!*** e4 languages tests
plugin@org.eclipse.e4.javascript.test=v20090409-1930,:pserver:anonymous@dev.eclipse.org:/cvsroot/eclipse,,e4/org.eclipse.e4.languages/tests/org.eclipse.e4.javascript.test


!**** and build it
feature@org.eclipse.e4.languages.feature=v20090212-1100,:pserver:anonymous@dev.eclipse.org:/cvsroot/eclipse,,e4/org.eclipse.e4.languages/features/org.eclipse.e4.languages.feature
feature@org.eclipse.e4.languages.tests.feature=v20090212-1100,:pserver:anonymous@dev.eclipse.org:/cvsroot/eclipse,,e4/org.eclipse.e4.languages/features/org.eclipse.e4.languages.tests.feature

!**** Test Suites
#plugin@org.eclipse.core.tests.harness=v20081006,:pserver:anonymous@dev.eclipse.org:/cvsroot/eclipse,
#plugin@org.eclipse.test.performance=v20081108,:pserver:anonymous@dev.eclipse.org:/cvsroot/eclipse,

#plugin@org.eclipse.core.tests.resources=v20081110,:pserver:anonymous@dev.eclipse.org:/cvsroot/eclipse,,e4/org.eclipse.e4.resources/tests/org.eclipse.core.tests.resources
#plugin@org.eclipse.osgi.tests=v20081103-1800,:pserver:anonymous@dev.eclipse.org:/cvsroot/rt,,org.eclipse.equinox/framework/bundles/org.eclipse.osgi.tests