!***************  e4 CONTRIBUTION  ******************************************************** 

!**** Binary e4 plug-ins

feature@org.eclipse.e4.rcp=v20110412,:pserver:anonymous@dev.eclipse.org:/cvsroot/eclipse,,e4/org.eclipse.e4.compatibility/features/org.eclipse.e4.rcp

!**** Workbench Compatibility

plugin@org.eclipse.e4.ui.workbench.addons.swt=v20110509-1630,:pserver:anonymous@dev.eclipse.org:/cvsroot/eclipse,,e4/org.eclipse.e4.ui/bundles/org.eclipse.e4.ui.workbench.addons.swt
plugin@org.eclipse.ui.workbench=v20110509-1630,:pserver:anonymous@dev.eclipse.org:/cvsroot/eclipse,,e4/org.eclipse.e4.compatibility/bundles/org.eclipse.ui.workbench
plugin@org.eclipse.ui=v20110506-1500,:pserver:anonymous@dev.eclipse.org:/cvsroot/eclipse,

!**** EMF
feature@org.eclipse.emf.ecore=p2IU,id=org.eclipse.emf.ecore.feature.jar,version=,repository=http://download.eclipse.org/modeling/emf/emf/updates/2.7milestones/base/
plugin@org.eclipse.emf.ecore.change=p2IU,id=org.eclipse.emf.ecore.change,version=,repository=http://download.eclipse.org/modeling/emf/emf/updates/2.7milestones/base/
plugin@org.eclipse.emf.ecore=p2IU,id=org.eclipse.emf.ecore,version=,repository=http://download.eclipse.org/modeling/emf/emf/updates/2.7milestones/base/
plugin@org.eclipse.emf.ecore.xmi=p2IU,id=org.eclipse.emf.ecore.xmi,version=,repository=http://download.eclipse.org/modeling/emf/emf/updates/2.7milestones/base/
feature@org.eclipse.emf.common=p2IU,id=org.eclipse.emf.common.feature.jar,version=,repository=http://download.eclipse.org/modeling/emf/emf/updates/2.7milestones/base/
plugin@org.eclipse.emf.common=p2IU,id=org.eclipse.emf.common,version=,repository=http://download.eclipse.org/modeling/emf/emf/updates/2.7milestones/base/
plugin@org.eclipse.emf.databinding=p2IU,id=org.eclipse.emf.databinding,version=,repository=http://download.eclipse.org/modeling/emf/emf/updates/2.7milestones/base/

!**** Nebula

plugin@org.eclipse.nebula.widgets.gallery=R_0_20090212,:pserver:anonymous@dev.eclipse.org:/cvsroot/technology,,org.eclipse.swt.nebula/org.eclipse.nebula.widgets.gallery

!** Temporary fix for bug 338925
fragment@org.eclipse.equinox.security.win32.x86_64=v20110228,:pserver:anonymous@dev.eclipse.org:/cvsroot/rt,,org.eclipse.equinox/security/bundles/org.eclipse.equinox.security.win32.x86_64