!**** e4 XWT tools
plugin@org.eclipse.e4.xwt=GIT,tag=v20110603,repo=git://git.eclipse.org/gitroot/e4/org.eclipse.e4.xwt.git,path=bundles/org.eclipse.e4.xwt
plugin@org.eclipse.e4.xwt.css=GIT,tag=v20100617-2100,repo=git://git.eclipse.org/gitroot/e4/org.eclipse.e4.xwt.git,path=bundles/org.eclipse.e4.xwt.css
plugin@org.eclipse.e4.tools.ui.designer=GIT,tag=v20110218-0800,repo=git://git.eclipse.org/gitroot/e4/org.eclipse.e4.xwt.git,path=bundles/org.eclipse.e4.tools.ui.designer
plugin@org.eclipse.e4.xwt.tools.ui=GIT,tag=v20101021,repo=git://git.eclipse.org/gitroot/e4/org.eclipse.e4.xwt.git,path=bundles/org.eclipse.e4.xwt.tools.ui
plugin@org.eclipse.e4.xwt.tools.ui.editor=GIT,tag=v20101021,repo=git://git.eclipse.org/gitroot/e4/org.eclipse.e4.xwt.git,path=bundles/org.eclipse.e4.xwt.tools.ui.editor
plugin@org.eclipse.e4.xwt.tools.categorynode=GIT,tag=v20100617-2100,repo=git://git.eclipse.org/gitroot/e4/org.eclipse.e4.xwt.git,path=bundles/org.eclipse.e4.xwt.tools.categorynode
plugin@org.eclipse.e4.xwt.tools.categorynode.edit=GIT,tag=v20100617-2100,repo=git://git.eclipse.org/gitroot/e4/org.eclipse.e4.xwt.git,path=bundles/org.eclipse.e4.xwt.tools.categorynode.edit
plugin@org.eclipse.e4.xwt.tools.ui.designer=GIT,tag=v20101021,repo=git://git.eclipse.org/gitroot/e4/org.eclipse.e4.xwt.git,path=bundles/org.eclipse.e4.xwt.tools.ui.designer
plugin@org.eclipse.e4.xwt.tools.ui.designer.core=GIT,tag=v20101021,repo=git://git.eclipse.org/gitroot/e4/org.eclipse.e4.xwt.git,path=bundles/org.eclipse.e4.xwt.tools.ui.designer.core
plugin@org.eclipse.e4.xwt.tools.ui.imagecapture=GIT,tag=v20100617-2100,repo=git://git.eclipse.org/gitroot/e4/org.eclipse.e4.xwt.git,path=bundles/org.eclipse.e4.xwt.tools.ui.imagecapture
plugin@org.eclipse.e4.xwt.tools.ui.palette=GIT,tag=v20100617-2100,repo=git://git.eclipse.org/gitroot/e4/org.eclipse.e4.xwt.git,path=bundles/org.eclipse.e4.xwt.tools.ui.palette
plugin@org.eclipse.e4.xwt.tools.ui.xaml=GIT,tag=v20100617-2100,repo=git://git.eclipse.org/gitroot/e4/org.eclipse.e4.xwt.git,path=bundles/org.eclipse.e4.xwt.tools.ui.xaml
plugin@org.eclipse.e4.xwt.vex=GIT,tag=v20100627-1530,repo=git://git.eclipse.org/gitroot/e4/org.eclipse.e4.xwt.git,path=bundles/org.eclipse.e4.xwt.vex
plugin@org.eclipse.e4.xwt.pde=GIT,tag=v20110603,repo=git://git.eclipse.org/gitroot/e4/org.eclipse.e4.xwt.git,path=bundles/org.eclipse.e4.xwt.pde
plugin@org.eclipse.e4.xwt.doc.user=GIT,tag=v20100617-2100,repo=git://git.eclipse.org/gitroot/e4/org.eclipse.e4.xwt.git,path=doc/org.eclipse.e4.xwt.doc.user
plugin@org.eclipse.e4.xwt.xml=GIT,tag=v20100617-2100,repo=git://git.eclipse.org/gitroot/e4/org.eclipse.e4.xwt.git,path=bundles/org.eclipse.e4.xwt.xml
plugin@org.eclipse.e4.xwt.forms=GIT,tag=v20101021,repo=git://git.eclipse.org/gitroot/e4/org.eclipse.e4.xwt.git,path=bundles/org.eclipse.e4.xwt.forms
plugin@org.eclipse.e4.xwt.emf=GIT,tag=v20100617-2100,repo=git://git.eclipse.org/gitroot/e4/org.eclipse.e4.xwt.git,path=bundles/org.eclipse.e4.xwt.emf
plugin@org.eclipse.e4.xwt.ui.workbench=GIT,tag=v20101119-0800,repo=git://git.eclipse.org/gitroot/e4/org.eclipse.e4.xwt.git,path=bundles/org.eclipse.e4.xwt.ui.workbench


!**** and build it
feature@org.eclipse.e4.xwt.feature=GIT,tag=v20091126-1500,repo=git://git.eclipse.org/gitroot/e4/org.eclipse.e4.xwt.git,path=features/org.eclipse.e4.xwt.feature
feature@org.eclipse.e4.xwt.tests.feature=GIT,tag=v20091009-1415,repo=git://git.eclipse.org/gitroot/e4/org.eclipse.e4.xwt.git,path=features/org.eclipse.e4.xwt.tests.feature
feature@org.eclipse.e4.xwt.tools.feature=GIT,tag=v20110609-1700,repo=git://git.eclipse.org/gitroot/e4/org.eclipse.e4.xwt.git,path=features/org.eclipse.e4.xwt.tools.feature
feature@org.eclipse.e4.xwt.css.feature=GIT,tag=v20090609-1530,repo=git://git.eclipse.org/gitroot/e4/org.eclipse.e4.xwt.git,path=features/org.eclipse.e4.xwt.css.feature
feature@org.eclipse.e4.xwt.emf.feature=GIT,tag=v20090624-1330,repo=git://git.eclipse.org/gitroot/e4/org.eclipse.e4.xwt.git,path=features/org.eclipse.e4.xwt.emf.feature
feature@org.eclipse.e4.xwt.workbench.feature=GIT,tag=v20100618,repo=git://git.eclipse.org/gitroot/e4/org.eclipse.e4.xwt.git,path=features/org.eclipse.e4.xwt.workbench.feature

!**** Test Suites
plugin@org.eclipse.e4.xwt.tests=GIT,tag=v20110218-0800,repo=git://git.eclipse.org/gitroot/e4/org.eclipse.e4.xwt.git,path=tests/org.eclipse.e4.xwt.tests
plugin@org.eclipse.e4.xwt.emf.test=GIT,tag=v20101025,repo=git://git.eclipse.org/gitroot/e4/org.eclipse.e4.xwt.git,path=tests/org.eclipse.e4.xwt.emf.test
