!**** e4 XWT tools
plugin@org.eclipse.e4.xwt=v20090101-1930,:pserver:anonymous@dev.eclipse.org:/cvsroot/eclipse,,e4/org.eclipse.e4.xwt/bundles/org.eclipse.e4.xwt
plugin@org.eclipse.e4.xwt.tools.ui=v20090101-1930,:pserver:anonymous@dev.eclipse.org:/cvsroot/eclipse,,e4/org.eclipse.e4.xwt/bundles/org.eclipse.e4.xwt.tools.ui
plugin@org.eclipse.e4.xwt.tools.ui.editor=v20090101-1930,:pserver:anonymous@dev.eclipse.org:/cvsroot/eclipse,,e4/org.eclipse.e4.xwt/bundles/org.eclipse.e4.xwt.tools.ui.editor
plugin@org.eclipse.e4.xwt.vex=v20090101-1930,:pserver:anonymous@dev.eclipse.org:/cvsroot/eclipse,,e4/org.eclipse.e4.xwt/bundles/org.eclipse.e4.xwt.vex


!**** and build it
feature@org.eclipse.e4.xwt.feature=v20090101-1930,:pserver:anonymous@dev.eclipse.org:/cvsroot/eclipse,,e4/org.eclipse.e4.xwt/features/org.eclipse.e4.xwt-feature
feature@org.eclipse.e4.xwt.test-features=v20090101-1930,:pserver:anonymous@dev.eclipse.org:/cvsroot/eclipse,,e4/org.eclipse.e4.xwt/features/org.eclipse.e4.xwt.test-features

!**** Test Suites
