!**** e4 XWT tools
plugin@org.eclipse.e4.tm=v20090528-1930,:pserver:anonymous@dev.eclipse.org:/cvsroot/eclipse,,e4/org.eclipse.e4.tm/bundles/org.eclipse.e4.tm
plugin@org.eclipse.e4.tm.builder=v20090521-1930,:pserver:anonymous@dev.eclipse.org:/cvsroot/eclipse,,e4/org.eclipse.e4.tm/bundles/org.eclipse.e4.tm.builder
plugin@org.eclipse.e4.tm.ui=v20090605-1100,:pserver:anonymous@dev.eclipse.org:/cvsroot/eclipse,,e4/org.eclipse.e4.tm/bundles/org.eclipse.e4.tm.ui
plugin@org.eclipse.e4.emf.javascript=v20090605-1100,:pserver:anonymous@dev.eclipse.org:/cvsroot/eclipse,,e4/org.eclipse.e4.tm/bundles/org.eclipse.e4.emf.javascript


!**** and build it
feature@org.eclipse.e4.tm.feature=v20090507-1330,:pserver:anonymous@dev.eclipse.org:/cvsroot/eclipse,,e4/org.eclipse.e4.tm/features/org.eclipse.e4.tm.feature
feature@org.eclipse.e4.tm.tests.feature=v20090507-1430,:pserver:anonymous@dev.eclipse.org:/cvsroot/eclipse,,e4/org.eclipse.e4.tm/features/org.eclipse.e4.tm.tests.feature

!**** Test Suites
plugin@org.eclipse.e4.tm.builder.tests=v20090521-1930,:pserver:anonymous@dev.eclipse.org:/cvsroot/eclipse,,e4/org.eclipse.e4.tm/tests/org.eclipse.e4.tm.builder.tests
plugin@org.eclipse.e4.emf.javascript.tests=v20090605-1100,:pserver:anonymous@dev.eclipse.org:/cvsroot/eclipse,,e4/org.eclipse.e4.tm/tests/org.eclipse.e4.emf.javascript.tests