!**** e4 SWT AS tools
plugin@org.eclipse.jdt.compiler.as=v20081119,:pserver:anonymous@dev.eclipse.org:/cvsroot/eclipse,,e4/org.eclipse.e4.swt/bundles/org.eclipse.jdt.compiler.as
plugin@org.eclipse.swt.tools.actionscript.core=v20081119,:pserver:anonymous@dev.eclipse.org:/cvsroot/eclipse,,e4/org.eclipse.e4.swt/bundles/org.eclipse.swt.tools.actionscript.core
plugin@org.eclipse.swt.tools.actionscript.ui=v20081119,:pserver:anonymous@dev.eclipse.org:/cvsroot/eclipse,,e4/org.eclipse.e4.swt/bundles/org.eclipse.swt.tools.actionscript.ui


!**** and build it
feature@org.eclipse.e4.swt.as.feature=v20081119,:pserver:anonymous@dev.eclipse.org:/cvsroot/eclipse,,e4/org.eclipse.e4.swt/features/org.eclipse.e4.swt.as.feature
feature@org.eclipse.e4.swt.as.tests.feature=v20081119,:pserver:anonymous@dev.eclipse.org:/cvsroot/eclipse,,e4/org.eclipse.e4.swt/features/org.eclipse.e4.swt.as.tests.feature


!**** Test Suites
#plugin@org.eclipse.core.tests.harness=v20081006,:pserver:anonymous@dev.eclipse.org:/cvsroot/eclipse,
#plugin@org.eclipse.test.performance=v20081108,:pserver:anonymous@dev.eclipse.org:/cvsroot/eclipse,

plugin@org.eclipse.jdt.compiler.as.tests=v20081119,:pserver:anonymous@dev.eclipse.org:/cvsroot/eclipse,,e4/org.eclipse.e4.swt/tests/org.eclipse.jdt.compiler.as.tests

