
!**** What we need from Equinox
#what if we get concurrent from the eclipse SDK repo, already there
#plugin@org.eclipse.equinox.concurrent,1.0.0=GET,http://download.eclipse.org/equinox/drops/S-3.5M5-200902021535/org.eclipse.equinox.concurrent_1.0.0.v20090125-0800.jar

plugin@org.eclipse.test=v20090918,:pserver:anonymous@dev.eclipse.org:/cvsroot/eclipse,
fragment@org.eclipse.ant.optional.junit=v20080717,:pserver:anonymous@dev.eclipse.org:/cvsroot/eclipse,

plugin@org.eclipse.test.performance=v20090901,:pserver:anonymous@dev.eclipse.org:/cvsroot/eclipse,

plugin@org.eclipse.core.tests.harness=v20090911,:pserver:anonymous@dev.eclipse.org:/cvsroot/eclipse,
plugin@org.eclipse.jdt.core.tests.compiler=v_963,:pserver:anonymous@dev.eclipse.org:/cvsroot/eclipse,


!**** and build it
feature@org.eclipse.e4.runtime.feature=v20090609-1530,:pserver:anonymous@dev.eclipse.org:/cvsroot/eclipse,,e4/org.eclipse.e4.runtime/features/org.eclipse.e4.runtime.feature
feature@org.eclipse.e4.tests.base.feature=v20090609-1530,:pserver:anonymous@dev.eclipse.org:/cvsroot/eclipse,,e4/org.eclipse.e4.runtime/features/org.eclipse.e4.tests.base.feature