!**** e4 core

plugin@org.eclipse.e4.core.services=v20100415-1630,:pserver:anonymous@dev.eclipse.org:/cvsroot/eclipse,,e4/org.eclipse.e4.ui/bundles/org.eclipse.e4.core.services
plugin@org.eclipse.e4.core.commands=v20100419-1030,:pserver:anonymous@dev.eclipse.org:/cvsroot/eclipse,,e4/org.eclipse.e4.ui/bundles/org.eclipse.e4.core.commands
plugin@org.eclipse.e4.core.di=v20100424-1900,:pserver:anonymous@dev.eclipse.org:/cvsroot/eclipse,,e4/org.eclipse.e4.ui/bundles/org.eclipse.e4.core.di
plugin@org.eclipse.e4.core.contexts=v20100424-1900,:pserver:anonymous@dev.eclipse.org:/cvsroot/eclipse,,e4/org.eclipse.e4.ui/bundles/org.eclipse.e4.core.contexts
plugin@org.eclipse.e4.core.di.extensions=v20100419-1030,:pserver:anonymous@dev.eclipse.org:/cvsroot/eclipse,,e4/org.eclipse.e4.ui/bundles/org.eclipse.e4.core.di.extensions

plugin@org.eclipse.e4.core.javascript=v20100407-1900,:pserver:anonymous@dev.eclipse.org:/cvsroot/eclipse,,e4/org.eclipse.e4.ui/bundles/org.eclipse.e4.core.javascript


!*** e4 core tests
plugin@org.eclipse.e4.core.tests.services=v20100424-1900,:pserver:anonymous@dev.eclipse.org:/cvsroot/eclipse,,e4/org.eclipse.e4.ui/tests/org.eclipse.e4.core.tests.services
plugin@org.eclipse.e4.core.tests=v20100421-1130,:pserver:anonymous@dev.eclipse.org:/cvsroot/eclipse,,e4/org.eclipse.e4.ui/tests/org.eclipse.e4.core.tests
plugin@org.eclipse.e4.core.commands.tests=v20100407-1900,:pserver:anonymous@dev.eclipse.org:/cvsroot/eclipse,,e4/org.eclipse.e4.ui/tests/org.eclipse.e4.core.commands.tests
plugin@org.eclipse.e4.core.tests.services.annotations=v20100415-1630,:pserver:anonymous@dev.eclipse.org:/cvsroot/eclipse,,e4/org.eclipse.e4.ui/tests/org.eclipse.e4.core.tests.services.annotations
plugin@com.google.code.atinject.tck=v20100419-1430,:pserver:anonymous@dev.eclipse.org:/cvsroot/eclipse,,e4/org.eclipse.e4.ui/tests/com.google.code.atinject.tck