!**** e4 core

plugin@org.eclipse.e4.core.services=v20100316-1730,:pserver:anonymous@dev.eclipse.org:/cvsroot/eclipse,,e4/org.eclipse.e4.ui/bundles/org.eclipse.e4.core.services
plugin@org.eclipse.e4.core.commands=v20100223-1530,:pserver:anonymous@dev.eclipse.org:/cvsroot/eclipse,,e4/org.eclipse.e4.ui/bundles/org.eclipse.e4.core.commands

plugin@org.eclipse.e4.core.javascript=v20090714-1930,:pserver:anonymous@dev.eclipse.org:/cvsroot/eclipse,,e4/org.eclipse.e4.ui/bundles/org.eclipse.e4.core.javascript

fragment@org.eclipse.e4.core.services.annotations=v20100316-1730,:pserver:anonymous@dev.eclipse.org:/cvsroot/eclipse,,e4/org.eclipse.e4.ui/bundles/org.eclipse.e4.core.services.annotations

!*** e4 core tests
plugin@org.eclipse.e4.core.tests.services=v20100316-1730,:pserver:anonymous@dev.eclipse.org:/cvsroot/eclipse,,e4/org.eclipse.e4.ui/tests/org.eclipse.e4.core.tests.services
plugin@org.eclipse.e4.core.commands.tests=v20091203-1000,:pserver:anonymous@dev.eclipse.org:/cvsroot/eclipse,,e4/org.eclipse.e4.ui/tests/org.eclipse.e4.core.commands.tests
plugin@org.eclipse.e4.core.tests.services.annotations=v20100310-0830,:pserver:anonymous@dev.eclipse.org:/cvsroot/eclipse,,e4/org.eclipse.e4.ui/tests/org.eclipse.e4.core.tests.services.annotations