!**** e4 core

plugin@org.eclipse.e4.core.services=v20110517-2030,:pserver:anonymous@dev.eclipse.org:/cvsroot/eclipse,,e4/org.eclipse.e4.ui/bundles/org.eclipse.e4.core.services
plugin@org.eclipse.e4.core.commands=v20110526-1100,:pserver:anonymous@dev.eclipse.org:/cvsroot/eclipse,,e4/org.eclipse.e4.ui/bundles/org.eclipse.e4.core.commands
plugin@org.eclipse.e4.core.di=v20110517-2030,:pserver:anonymous@dev.eclipse.org:/cvsroot/eclipse,,e4/org.eclipse.e4.ui/bundles/org.eclipse.e4.core.di
plugin@org.eclipse.e4.core.contexts=v20110517-2030,:pserver:anonymous@dev.eclipse.org:/cvsroot/eclipse,,e4/org.eclipse.e4.ui/bundles/org.eclipse.e4.core.contexts
plugin@org.eclipse.e4.core.contexts.debug=v20110517-2030,:pserver:anonymous@dev.eclipse.org:/cvsroot/eclipse,,e4/org.eclipse.e4.ui/bundles/org.eclipse.e4.core.contexts.debug
plugin@org.eclipse.e4.core.di.extensions=v20110517-2030,:pserver:anonymous@dev.eclipse.org:/cvsroot/eclipse,,e4/org.eclipse.e4.ui/bundles/org.eclipse.e4.core.di.extensions

plugin@org.eclipse.e4.core.javascript=v20100614-1830,:pserver:anonymous@dev.eclipse.org:/cvsroot/eclipse,,e4/org.eclipse.e4.ui/bundles/org.eclipse.e4.core.javascript


!*** e4 core tests
plugin@org.eclipse.e4.core.tests.services=v20110113-1500,:pserver:anonymous@dev.eclipse.org:/cvsroot/eclipse,,e4/org.eclipse.e4.ui/tests/org.eclipse.e4.core.tests.services
plugin@org.eclipse.e4.core.tests=v20110407-2030,:pserver:anonymous@dev.eclipse.org:/cvsroot/eclipse,,e4/org.eclipse.e4.ui/tests/org.eclipse.e4.core.tests
plugin@org.eclipse.e4.core.commands.tests=v20110317-2000,:pserver:anonymous@dev.eclipse.org:/cvsroot/eclipse,,e4/org.eclipse.e4.ui/tests/org.eclipse.e4.core.commands.tests
plugin@com.google.code.atinject.tck=v20110113-1500,:pserver:anonymous@dev.eclipse.org:/cvsroot/eclipse,,e4/org.eclipse.e4.ui/tests/com.google.code.atinject.tck

plugin@org.eclipse.e4.ui.menu.tests=v20110525-1900,:pserver:anonymous@dev.eclipse.org:/cvsroot/eclipse,,e4/org.eclipse.e4.compatibility/tests/org.eclipse.e4.ui.menu.tests
plugin@org.eclipse.e4.ui.menu.tests.p1=v20110308-1650,:pserver:anonymous@dev.eclipse.org:/cvsroot/eclipse,,e4/org.eclipse.e4.compatibility/tests/org.eclipse.e4.ui.menu.tests.p1
plugin@org.eclipse.e4.ui.menu.tests.p2=v20110308-1650,:pserver:anonymous@dev.eclipse.org:/cvsroot/eclipse,,e4/org.eclipse.e4.compatibility/tests/org.eclipse.e4.ui.menu.tests.p2
plugin@org.eclipse.e4.ui.menu.tests.p3=v20110308-1650,:pserver:anonymous@dev.eclipse.org:/cvsroot/eclipse,,e4/org.eclipse.e4.compatibility/tests/org.eclipse.e4.ui.menu.tests.p3
plugin@org.eclipse.e4.ui.menu.tests.p4=v20110308-1650,:pserver:anonymous@dev.eclipse.org:/cvsroot/eclipse,,e4/org.eclipse.e4.compatibility/tests/org.eclipse.e4.ui.menu.tests.p4