!**** e4 UI
plugin@org.eclipse.e4.ui.di=v20110303-1630,:pserver:anonymous@dev.eclipse.org:/cvsroot/eclipse,,e4/org.eclipse.e4.ui/bundles/org.eclipse.e4.ui.di
plugin@org.eclipse.e4.ui.services=v20110303-1630,:pserver:anonymous@dev.eclipse.org:/cvsroot/eclipse,,e4/org.eclipse.e4.ui/bundles/org.eclipse.e4.ui.services
plugin@org.eclipse.e4.ui.model.workbench=v20110420-1900,:pserver:anonymous@dev.eclipse.org:/cvsroot/eclipse,,e4/org.eclipse.e4.ui/bundles/org.eclipse.e4.ui.model.workbench
plugin@org.eclipse.e4.ui.model.workbench.edit=v20110308-1630,:pserver:anonymous@dev.eclipse.org:/cvsroot/eclipse,,e4/org.eclipse.e4.ui/bundles/org.eclipse.e4.ui.model.workbench.edit
plugin@org.eclipse.e4.ui.workbench=v20110426-1500,:pserver:anonymous@dev.eclipse.org:/cvsroot/eclipse,,e4/org.eclipse.e4.ui/bundles/org.eclipse.e4.ui.workbench
plugin@org.eclipse.e4.ui.workbench3=v20100720-1930,:pserver:anonymous@dev.eclipse.org:/cvsroot/eclipse,,e4/org.eclipse.e4.ui/bundles/org.eclipse.e4.ui.workbench3
plugin@org.eclipse.e4.ui.workbench.renderers.swt=v20110422-1900,:pserver:anonymous@dev.eclipse.org:/cvsroot/eclipse,,e4/org.eclipse.e4.ui/bundles/org.eclipse.e4.ui.workbench.renderers.swt
plugin@org.eclipse.e4.ui.workbench.swt=v20110425-1930,:pserver:anonymous@dev.eclipse.org:/cvsroot/eclipse,,e4/org.eclipse.e4.ui/bundles/org.eclipse.e4.ui.workbench.swt
plugin@org.eclipse.e4.ui.widgets=v20110426-0201,:pserver:anonymous@dev.eclipse.org:/cvsroot/eclipse,,e4/org.eclipse.e4.ui/bundles/org.eclipse.e4.ui.widgets
plugin@org.eclipse.e4.ui.bindings=v20110320-2300,:pserver:anonymous@dev.eclipse.org:/cvsroot/eclipse,,e4/org.eclipse.e4.ui/bundles/org.eclipse.e4.ui.bindings
plugin@org.pushingpixels.trident=v20100204-1500,:pserver:anonymous@dev.eclipse.org:/cvsroot/eclipse,,e4/org.eclipse.e4.ui/bundles/org.pushingpixels.trident

plugin@org.eclipse.e4.ui.css.core=v20110414-2200,:pserver:anonymous@dev.eclipse.org:/cvsroot/eclipse,,e4/org.eclipse.e4.ui/bundles/org.eclipse.e4.ui.css.core
plugin@org.eclipse.e4.ui.css.swt.theme=v20110407-2030,:pserver:anonymous@dev.eclipse.org:/cvsroot/eclipse,,e4/org.eclipse.e4.ui/bundles/org.eclipse.e4.ui.css.swt.theme
plugin@org.eclipse.e4.ui.css.jface=v20100720-1930,:pserver:anonymous@dev.eclipse.org:/cvsroot/eclipse,,e4/org.eclipse.e4.ui/bundles/org.eclipse.e4.ui.css.jface
plugin@org.eclipse.e4.ui.css.swt=v20110407-2030,:pserver:anonymous@dev.eclipse.org:/cvsroot/eclipse,,e4/org.eclipse.e4.ui/bundles/org.eclipse.e4.ui.css.swt
plugin@org.eclipse.e4.ui.css.nebula=v20100630-1000,:pserver:anonymous@dev.eclipse.org:/cvsroot/eclipse,,e4/org.eclipse.e4.ui/bundles/org.eclipse.e4.ui.css.nebula

fragment@org.eclipse.e4.ui.workbench.fragment=v20091203-1000,:pserver:anonymous@dev.eclipse.org:/cvsroot/eclipse,,e4/org.eclipse.e4.ui/bundles/org.eclipse.e4.ui.workbench.fragment
fragment@org.eclipse.e4.ui.workbench.renderers.swt.cocoa=v20110309-0800,:pserver:anonymous@dev.eclipse.org:/cvsroot/eclipse,,e4/org.eclipse.e4.ui/bundles/org.eclipse.e4.ui.workbench.renderers.swt.cocoa

plugin@org.eclipse.e4.ui.web=v20100421-1130,:pserver:anonymous@dev.eclipse.org:/cvsroot/eclipse,,e4/org.eclipse.e4.ui/bundles/org.eclipse.e4.ui.web
plugin@org.eclipse.e4.pde.ui=v20090714-1930,:pserver:anonymous@dev.eclipse.org:/cvsroot/eclipse,,e4/org.eclipse.e4.ui/bundles/org.eclipse.e4.pde.ui
plugin@org.eclipse.e4.pde.webui=v20100531-1530,:pserver:anonymous@dev.eclipse.org:/cvsroot/eclipse,,e4/org.eclipse.e4.ui/bundles/org.eclipse.e4.pde.webui
plugin@org.eclipse.e4.ui.gadgets=v20100428-1730,:pserver:anonymous@dev.eclipse.org:/cvsroot/eclipse,,e4/org.eclipse.e4.ui/bundles/org.eclipse.e4.ui.gadgets

plugin@org.eclipse.e4.emf.xpath=v20110312-8000,:pserver:anonymous@dev.eclipse.org:/cvsroot/eclipse,,e4/org.eclipse.e4.ui/bundles/org.eclipse.e4.emf.xpath

plugin@org.eclipse.e4.tools.emf.ui=v20110426-1500,:pserver:anonymous@dev.eclipse.org:/cvsroot/eclipse,,e4/org.eclipse.e4.tools/bundles/org.eclipse.e4.tools.emf.ui
plugin@org.eclipse.e4.tools.emf.editor3x=v20110425-1930,:pserver:anonymous@dev.eclipse.org:/cvsroot/eclipse,,e4/org.eclipse.e4.tools/bundles/org.eclipse.e4.tools.emf.editor3x
plugin@org.eclipse.e4.tools.compat=v20110217-1700,:pserver:anonymous@dev.eclipse.org:/cvsroot/eclipse,,e4/org.eclipse.e4.tools/bundles/org.eclipse.e4.tools.compat
plugin@org.eclipse.e4.tools.services=v20110316-0300,:pserver:anonymous@dev.eclipse.org:/cvsroot/eclipse,,e4/org.eclipse.e4.tools/bundles/org.eclipse.e4.tools.services
plugin@org.eclipse.e4.tools.emf.liveeditor=v20110407-2030,:pserver:anonymous@dev.eclipse.org:/cvsroot/eclipse,,e4/org.eclipse.e4.tools/bundles/org.eclipse.e4.tools.emf.liveeditor
plugin@org.eclipse.e4.tools=v20110217-1700,:pserver:anonymous@dev.eclipse.org:/cvsroot/eclipse,,e4/org.eclipse.e4.tools/bundles/org.eclipse.e4.tools
plugin@org.eclipse.e4.tools.emf.ui.script.js=v20110316-0300,:pserver:anonymous@dev.eclipse.org:/cvsroot/eclipse,,e4/org.eclipse.e4.tools/bundles/org.eclipse.e4.tools.emf.ui.script.js


!*** e4 UI examples
plugin@org.eclipse.nebula.widgets.gallery=R_0_20090212,:pserver:anonymous@dev.eclipse.org:/cvsroot/technology,,org.eclipse.swt.nebula/org.eclipse.nebula.widgets.gallery
plugin@org.eclipse.e4.demo.e4photo=v20110317-2000,:pserver:anonymous@dev.eclipse.org:/cvsroot/eclipse,,e4/org.eclipse.e4.ui/examples/org.eclipse.e4.demo.e4photo
plugin@org.eclipse.e4.demo.contacts=v20110316-0300,:pserver:anonymous@dev.eclipse.org:/cvsroot/eclipse,,e4/org.eclipse.e4.ui/examples/org.eclipse.e4.demo.contacts
plugin@org.eclipse.e4.ui.examples.css=v20100630-1000,:pserver:anonymous@dev.eclipse.org:/cvsroot/eclipse,,e4/org.eclipse.e4.ui/examples/org.eclipse.e4.ui.examples.css
plugin@org.eclipse.e4.ui.examples.css.nebula=v20090609-1530,:pserver:anonymous@dev.eclipse.org:/cvsroot/eclipse,,e4/org.eclipse.e4.ui/examples/org.eclipse.e4.ui.examples.css.nebula
plugin@org.eclipse.e4.ui.examples.css.rcp=v20101201-1400,:pserver:anonymous@dev.eclipse.org:/cvsroot/eclipse,,e4/org.eclipse.e4.ui/examples/org.eclipse.e4.ui.examples.css.rcp
plugin@org.eclipse.e4.ui.examples.legacy.workbench=v20100720-1930,:pserver:anonymous@dev.eclipse.org:/cvsroot/eclipse,,e4/org.eclipse.e4.ui/examples/org.eclipse.e4.ui.examples.legacy.workbench
plugin@org.eclipse.e4.ui.css.legacy=v20101125-1630,:pserver:anonymous@dev.eclipse.org:/cvsroot/eclipse,,e4/org.eclipse.e4.ui/bundles/org.eclipse.e4.ui.css.legacy
plugin@org.eclipse.e4.examples.services=v20100613-1930,:pserver:anonymous@dev.eclipse.org:/cvsroot/eclipse,,e4/org.eclipse.e4.ui/examples/org.eclipse.e4.examples.services



!*** e4 UI tests
plugin@org.eclipse.e4.ui.tests.css.swt=v20101125-1630,:pserver:anonymous@dev.eclipse.org:/cvsroot/eclipse,,e4/org.eclipse.e4.ui/tests/org.eclipse.e4.ui.tests.css.swt
plugin@org.eclipse.e4.ui.tests.css.core=v20100720-1930,:pserver:anonymous@dev.eclipse.org:/cvsroot/eclipse,,e4/org.eclipse.e4.ui/tests/org.eclipse.e4.ui.tests.css.core
plugin@org.eclipse.e4.ui.tests=v20110425-1930,:pserver:anonymous@dev.eclipse.org:/cvsroot/eclipse,,e4/org.eclipse.e4.ui/tests/org.eclipse.e4.ui.tests
plugin@org.eclipse.e4.ui.bindings.tests=v20110317-2000,:pserver:anonymous@dev.eclipse.org:/cvsroot/eclipse,,e4/org.eclipse.e4.ui/tests/org.eclipse.e4.ui.bindings.tests


!**** and build it
feature@org.eclipse.e4.ui.feature=v20110420,:pserver:anonymous@dev.eclipse.org:/cvsroot/eclipse,,e4/org.eclipse.e4.ui/features/org.eclipse.e4.ui.feature
feature@org.eclipse.e4.ui.web.feature=v20091022-1230,:pserver:anonymous@dev.eclipse.org:/cvsroot/eclipse,,e4/org.eclipse.e4.ui/features/org.eclipse.e4.ui.web.feature
feature@org.eclipse.e4.ui.compatibility.feature=v20091210-1930,:pserver:anonymous@dev.eclipse.org:/cvsroot/eclipse,,e4/org.eclipse.e4.ui/features/org.eclipse.e4.ui.compatibility.feature
feature@org.eclipse.e4.ui.css.feature=v20100603-1900,:pserver:anonymous@dev.eclipse.org:/cvsroot/eclipse,,e4/org.eclipse.e4.ui/features/org.eclipse.e4.ui.css.feature
feature@org.eclipse.e4.ui.tests.feature=v20110420-1700,:pserver:anonymous@dev.eclipse.org:/cvsroot/eclipse,,e4/org.eclipse.e4.ui/features/org.eclipse.e4.ui.tests.feature
feature@org.eclipse.e4.ui.examples.feature=v20101215-1120,:pserver:anonymous@dev.eclipse.org:/cvsroot/eclipse,,e4/org.eclipse.e4.ui/features/org.eclipse.e4.ui.examples.feature

feature@org.eclipse.e4.core.tools.feature=v20110309-1330,:pserver:anonymous@dev.eclipse.org:/cvsroot/eclipse,,e4/org.eclipse.e4.tools/features/org.eclipse.e4.core.tools.feature
feature@org.eclipse.e4.tools.e3x.bridge.feature=v20110302-1508,:pserver:anonymous@dev.eclipse.org:/cvsroot/eclipse,,e4/org.eclipse.e4.tools/features/org.eclipse.e4.tools.e3x.bridge.feature

feature@org.eclipse.e4.sdk.runtime.feature=v20100917-1000,:pserver:anonymous@dev.eclipse.org:/cvsroot/eclipse,,e4/org.eclipse.e4.ui/features/org.eclipse.e4.sdk.runtime.feature
feature@org.eclipse.e4.sdk.source.feature=v20110303-1630,:pserver:anonymous@dev.eclipse.org:/cvsroot/eclipse,,e4/org.eclipse.e4.ui/features/org.eclipse.e4.sdk.source.feature
feature@org.eclipse.e4.master=v20110302-1525,:pserver:anonymous@dev.eclipse.org:/cvsroot/eclipse,,e4/org.eclipse.e4.ui/features/org.eclipse.e4.master

!**** Test Suites
#plugin@org.eclipse.core.tests.harness=v20081006,:pserver:anonymous@dev.eclipse.org:/cvsroot/eclipse,
#plugin@org.eclipse.test.performance=v20081108,:pserver:anonymous@dev.eclipse.org:/cvsroot/eclipse,

#plugin@org.eclipse.core.tests.resources=v20081110,:pserver:anonymous@dev.eclipse.org:/cvsroot/eclipse,,e4/org.eclipse.e4.resources/tests/org.eclipse.core.tests.resources
#plugin@org.eclipse.osgi.tests=v20081103-1800,:pserver:anonymous@dev.eclipse.org:/cvsroot/rt,,org.eclipse.equinox/framework/bundles/org.eclipse.osgi.tests