!**** e4 UI
plugin@org.eclipse.e4.ui.services=v20090409-1930,:pserver:anonymous@dev.eclipse.org:/cvsroot/eclipse,,e4/org.eclipse.e4.ui/bundles/org.eclipse.e4.ui.services
plugin@org.eclipse.e4.ui.model.workbench=v20090402-1930,:pserver:anonymous@dev.eclipse.org:/cvsroot/eclipse,,e4/org.eclipse.e4.ui/bundles/org.eclipse.e4.ui.model.workbench
plugin@org.eclipse.e4.ui.workbench=v20090409-1930,:pserver:anonymous@dev.eclipse.org:/cvsroot/eclipse,,e4/org.eclipse.e4.ui/bundles/org.eclipse.e4.ui.workbench
plugin@org.eclipse.e4.ui.workbench.renderers.swt=v20090409-1930,:pserver:anonymous@dev.eclipse.org:/cvsroot/eclipse,,e4/org.eclipse.e4.ui/bundles/org.eclipse.e4.ui.workbench.renderers.swt
plugin@org.eclipse.e4.ui.workbench.swt=v20090409-1930,:pserver:anonymous@dev.eclipse.org:/cvsroot/eclipse,,e4/org.eclipse.e4.ui/bundles/org.eclipse.e4.ui.workbench.swt

plugin@org.eclipse.e4.ui.css.core=v20090204-2045,:pserver:anonymous@dev.eclipse.org:/cvsroot/eclipse,,e4/org.eclipse.e4.ui/bundles/org.eclipse.e4.ui.css.core
plugin@org.eclipse.e4.ui.css.jface=v20090204-2045,:pserver:anonymous@dev.eclipse.org:/cvsroot/eclipse,,e4/org.eclipse.e4.ui/bundles/org.eclipse.e4.ui.css.jface
plugin@org.eclipse.e4.ui.css.swt=v20090317-1930,:pserver:anonymous@dev.eclipse.org:/cvsroot/eclipse,,e4/org.eclipse.e4.ui/bundles/org.eclipse.e4.ui.css.swt
plugin@org.eclipse.e4.ui.css.nebula=v20090204-2045,:pserver:anonymous@dev.eclipse.org:/cvsroot/eclipse,,e4/org.eclipse.e4.ui/bundles/org.eclipse.e4.ui.css.nebula

fragment@org.eclipse.e4.ui.workbench.fragment=v20090409-1930,:pserver:anonymous@dev.eclipse.org:/cvsroot/eclipse,,e4/org.eclipse.e4.ui/bundles/org.eclipse.e4.ui.workbench.fragment

!*** e4 UI examples
plugin@org.eclipse.nebula.widgets.gallery=R_0_20090212,:pserver:anonymous@dev.eclipse.org:/cvsroot/technology,,org.eclipse.swt.nebula/org.eclipse.nebula.widgets.gallery
plugin@org.eclipse.e4.demo.e4photo=v20090409-1930,:pserver:anonymous@dev.eclipse.org:/cvsroot/eclipse,,e4/org.eclipse.e4.ui/examples/org.eclipse.e4.demo.e4photo
plugin@org.eclipse.e4.ui.examples.css=v20090305-1930,:pserver:anonymous@dev.eclipse.org:/cvsroot/eclipse,,e4/org.eclipse.e4.ui/examples/org.eclipse.e4.ui.examples.css
plugin@org.eclipse.e4.ui.examples.css.nebula=v20090206-1045,:pserver:anonymous@dev.eclipse.org:/cvsroot/eclipse,,e4/org.eclipse.e4.ui/examples/org.eclipse.e4.ui.examples.css.nebula
plugin@org.eclipse.e4.ui.examples.css.rcp=v20090311-1400,:pserver:anonymous@dev.eclipse.org:/cvsroot/eclipse,,e4/org.eclipse.e4.ui/examples/org.eclipse.e4.ui.examples.css.rcp
plugin@org.eclipse.e4.ui.examples.legacy.workbench=v20090402-1930,:pserver:anonymous@dev.eclipse.org:/cvsroot/eclipse,,e4/org.eclipse.e4.ui/examples/org.eclipse.e4.ui.examples.legacy.workbench
plugin@org.eclipse.e4.ui.css.legacy=v20090226-1300,:pserver:anonymous@dev.eclipse.org:/cvsroot/eclipse,,e4/org.eclipse.e4.ui/bundles/org.eclipse.e4.ui.css.legacy
plugin@org.eclipse.e4.demo.modifier=v20090409-1930,:pserver:anonymous@dev.eclipse.org:/cvsroot/eclipse,,e4/org.eclipse.e4.ui/examples/org.eclipse.e4.demo.modifier



!*** e4 UI tests
plugin@org.eclipse.e4.ui.tests.css.swt=v20090317-1930,:pserver:anonymous@dev.eclipse.org:/cvsroot/eclipse,,e4/org.eclipse.e4.ui/tests/org.eclipse.e4.ui.tests.css.swt
plugin@org.eclipse.e4.ui.tests.css.core=v20090317-1930,:pserver:anonymous@dev.eclipse.org:/cvsroot/eclipse,,e4/org.eclipse.e4.ui/tests/org.eclipse.e4.ui.tests.css.core
plugin@org.eclipse.e4.ui.tests=v20090409-1930,:pserver:anonymous@dev.eclipse.org:/cvsroot/eclipse,,e4/org.eclipse.e4.ui/tests/org.eclipse.e4.ui.tests


!**** and build it
feature@org.eclipse.e4.ui.feature=v20090409-1930,:pserver:anonymous@dev.eclipse.org:/cvsroot/eclipse,,e4/org.eclipse.e4.ui/features/org.eclipse.e4.ui.feature
feature@org.eclipse.e4.ui.compatibility.feature=v20090305-1930,:pserver:anonymous@dev.eclipse.org:/cvsroot/eclipse,,e4/org.eclipse.e4.ui/features/org.eclipse.e4.ui.compatibility.feature
feature@org.eclipse.e4.ui.css.feature=v20090204-2045,:pserver:anonymous@dev.eclipse.org:/cvsroot/eclipse,,e4/org.eclipse.e4.ui/features/org.eclipse.e4.ui.css.feature
feature@org.eclipse.e4.ui.tests.feature=v20090226-1330,:pserver:anonymous@dev.eclipse.org:/cvsroot/eclipse,,e4/org.eclipse.e4.ui/features/org.eclipse.e4.ui.tests.feature
feature@org.eclipse.e4.ui.examples.feature=v20090317-1930,:pserver:anonymous@dev.eclipse.org:/cvsroot/eclipse,,e4/org.eclipse.e4.ui/features/org.eclipse.e4.ui.examples.feature

feature@org.eclipse.e4.master=v20090311-1000,:pserver:anonymous@dev.eclipse.org:/cvsroot/eclipse,,e4/org.eclipse.e4.ui/features/org.eclipse.e4.master

!**** Test Suites
#plugin@org.eclipse.core.tests.harness=v20081006,:pserver:anonymous@dev.eclipse.org:/cvsroot/eclipse,
#plugin@org.eclipse.test.performance=v20081108,:pserver:anonymous@dev.eclipse.org:/cvsroot/eclipse,

#plugin@org.eclipse.core.tests.resources=v20081110,:pserver:anonymous@dev.eclipse.org:/cvsroot/eclipse,,e4/org.eclipse.e4.resources/tests/org.eclipse.core.tests.resources
#plugin@org.eclipse.osgi.tests=v20081103-1800,:pserver:anonymous@dev.eclipse.org:/cvsroot/rt,,org.eclipse.equinox/framework/bundles/org.eclipse.osgi.tests