!***************  RESOURCES CONTRIBUTION  ******************************************************** 

!**** Semantic Resources EFS
plugin@org.eclipse.core.resources.semantic=v20100223-0930,:pserver:anonymous@dev.eclipse.org:/cvsroot/eclipse,,e4/org.eclipse.e4.resources/bundles/org.eclipse.core.resources.semantic
plugin@org.eclipse.ui.resources.semantic=v20100224-0635,:pserver:anonymous@dev.eclipse.org:/cvsroot/eclipse,,e4/org.eclipse.e4.resources/bundles/org.eclipse.ui.resources.semantic
plugin@org.eclipse.core.resources.semantic.examples=v20100223-0930,:pserver:anonymous@dev.eclipse.org:/cvsroot/eclipse,,e4/org.eclipse.e4.resources/examples/org.eclipse.core.resources.semantic.examples
plugin@org.eclipse.core.resources.semantic.test=v20100223-0930,:pserver:anonymous@dev.eclipse.org:/cvsroot/eclipse,,e4/org.eclipse.e4.resources/tests/org.eclipse.core.resources.semantic.test
plugin@org.eclipse.ui.resources.semantic.examples=v20100224-0930,:pserver:anonymous@dev.eclipse.org:/cvsroot/eclipse,,e4/org.eclipse.e4.resources/examples/org.eclipse.ui.resources.semantic.examples
plugin@org.eclipse.ui.resources.semantic.examples.test=v20100224-0930,:pserver:anonymous@dev.eclipse.org:/cvsroot/eclipse,,e4/org.eclipse.e4.resources/tests/org.eclipse.ui.resources.semantic.examples.test



!**** and build it
feature@org.eclipse.e4.resources.feature=v20100211-0930,:pserver:anonymous@dev.eclipse.org:/cvsroot/eclipse,,e4/org.eclipse.e4.resources/features/org.eclipse.e4.resources.feature
feature@org.eclipse.e4.resources.tests.feature=v20100211-0930,:pserver:anonymous@dev.eclipse.org:/cvsroot/eclipse,,e4/org.eclipse.e4.resources/features/org.eclipse.e4.resources.tests.feature


!**** Test Suites
#plugin@org.eclipse.core.tests.harness=v20081006,:pserver:anonymous@dev.eclipse.org:/cvsroot/eclipse,
#plugin@org.eclipse.test.performance=v20081108,:pserver:anonymous@dev.eclipse.org:/cvsroot/eclipse,